// Jest Snapshot v1, https://goo.gl/fbAQLP

exports[`Pruebas a componente <GifGrid/> debe de mostrar correctamente 1`] = `
<Fragment>
  <h3
    className="animate__animated animate__bounce"
  >
    Bon Jovi
  </h3>
  <p
    className="card animate__animated animate__flash"
  >
    Cargando...
  </p>
  <div
    className="card-grid"
  />
</Fragment>
`;
