// Jest Snapshot v1, https://goo.gl/fbAQLP

exports[`Pruebas para componente <GifGridItem /> debe de mostrar <GifGridItem/>  1`] = `
<div
  className="card animate__animated animate__fadeIn"
>
  <img
    alt="Titulo"
    src="https:www.google.cl"
  />
  <p>
    Titulo
  </p>
</div>
`;
